This is pdfTeX, Version 3.141592653-2.6-1.40.25 (TeX Live 2023/Debian) (preloaded format=pdflatex 2025.10.8)  28 OCT 2025 20:59
entering extended mode
 restricted \write18 enabled.
 %&-line parsing enabled.
**report.tex
(./report.tex
LaTeX2e <2023-11-01> patch level 1
L3 programming layer <2024-01-22>
(/usr/share/texlive/texmf-dist/tex/latex/base/article.cls
Document Class: article 2023/05/17 v1.4n Standard LaTeX document class
(/usr/share/texlive/texmf-dist/tex/latex/base/size11.clo
File: size11.clo 2023/05/17 v1.4n Standard LaTeX file (size option)
)
\c@part=\count187
\c@section=\count188
\c@subsection=\count189
\c@subsubsection=\count190
\c@paragraph=\count191
\c@subparagraph=\count192
\c@figure=\count193
\c@table=\count194
\abovecaptionskip=\skip48
\belowcaptionskip=\skip49
\bibindent=\dimen140
)
(/usr/share/texlive/texmf-dist/tex/latex/geometry/geometry.sty
Package: geometry 2020/01/02 v5.9 Page Geometry

(/usr/share/texlive/texmf-dist/tex/latex/graphics/keyval.sty
Package: keyval 2022/05/29 v1.15 key=value parser (DPC)
\KV@toks@=\toks17
)
(/usr/share/texlive/texmf-dist/tex/generic/iftex/ifvtex.sty
Package: ifvtex 2019/10/25 v1.7 ifvtex legacy package. Use iftex instead.

(/usr/share/texlive/texmf-dist/tex/generic/iftex/iftex.sty
Package: iftex 2022/02/03 v1.0f TeX engine tests
))
\Gm@cnth=\count195
\Gm@cntv=\count196
\c@Gm@tempcnt=\count197
\Gm@bindingoffset=\dimen141
\Gm@wd@mp=\dimen142
\Gm@odd@mp=\dimen143
\Gm@even@mp=\dimen144
\Gm@layoutwidth=\dimen145
\Gm@layoutheight=\dimen146
\Gm@layouthoffset=\dimen147
\Gm@layoutvoffset=\dimen148
\Gm@dimlist=\toks18
)
(/usr/share/texlive/texmf-dist/tex/latex/graphics/graphicx.sty
Package: graphicx 2021/09/16 v1.2d Enhanced LaTeX Graphics (DPC,SPQR)

(/usr/share/texlive/texmf-dist/tex/latex/graphics/graphics.sty
Package: graphics 2022/03/10 v1.4e Standard LaTeX Graphics (DPC,SPQR)

(/usr/share/texlive/texmf-dist/tex/latex/graphics/trig.sty
Package: trig 2021/08/11 v1.11 sin cos tan (DPC)
)
(/usr/share/texlive/texmf-dist/tex/latex/graphics-cfg/graphics.cfg
File: graphics.cfg 2016/06/04 v1.11 sample graphics configuration
)
Package graphics Info: Driver file: pdftex.def on input line 107.

(/usr/share/texlive/texmf-dist/tex/latex/graphics-def/pdftex.def
File: pdftex.def 2022/09/22 v1.2b Graphics/color driver for pdftex
))
\Gin@req@height=\dimen149
\Gin@req@width=\dimen150
)
(/usr/share/texlive/texmf-dist/tex/latex/amsmath/amsmath.sty
Package: amsmath 2023/05/13 v2.17o AMS math features
\@mathmargin=\skip50

For additional information on amsmath, use the `?' option.
(/usr/share/texlive/texmf-dist/tex/latex/amsmath/amstext.sty
Package: amstext 2021/08/26 v2.01 AMS text

(/usr/share/texlive/texmf-dist/tex/latex/amsmath/amsgen.sty
File: amsgen.sty 1999/11/30 v2.0 generic functions
\@emptytoks=\toks19
\ex@=\dimen151
))
(/usr/share/texlive/texmf-dist/tex/latex/amsmath/amsbsy.sty
Package: amsbsy 1999/11/29 v1.2d Bold Symbols
\pmbraise@=\dimen152
)
(/usr/share/texlive/texmf-dist/tex/latex/amsmath/amsopn.sty
Package: amsopn 2022/04/08 v2.04 operator names
)
\inf@bad=\count198
LaTeX Info: Redefining \frac on input line 234.
\uproot@=\count199
\leftroot@=\count266
LaTeX Info: Redefining \overline on input line 399.
LaTeX Info: Redefining \colon on input line 410.
\classnum@=\count267
\DOTSCASE@=\count268
LaTeX Info: Redefining \ldots on input line 496.
LaTeX Info: Redefining \dots on input line 499.
LaTeX Info: Redefining \cdots on input line 620.
\Mathstrutbox@=\box51
\strutbox@=\box52
LaTeX Info: Redefining \big on input line 722.
LaTeX Info: Redefining \Big on input line 723.
LaTeX Info: Redefining \bigg on input line 724.
LaTeX Info: Redefining \Bigg on input line 725.
\big@size=\dimen153
LaTeX Font Info:    Redeclaring font encoding OML on input line 743.
LaTeX Font Info:    Redeclaring font encoding OMS on input line 744.
\macc@depth=\count269
LaTeX Info: Redefining \bmod on input line 905.
LaTeX Info: Redefining \pmod on input line 910.
LaTeX Info: Redefining \smash on input line 940.
LaTeX Info: Redefining \relbar on input line 970.
LaTeX Info: Redefining \Relbar on input line 971.
\c@MaxMatrixCols=\count270
\dotsspace@=\muskip16
\c@parentequation=\count271
\dspbrk@lvl=\count272
\tag@help=\toks20
\row@=\count273
\column@=\count274
\maxfields@=\count275
\andhelp@=\toks21
\eqnshift@=\dimen154
\alignsep@=\dimen155
\tagshift@=\dimen156
\tagwidth@=\dimen157
\totwidth@=\dimen158
\lineht@=\dimen159
\@envbody=\toks22
\multlinegap=\skip51
\multlinetaggap=\skip52
\mathdisplay@stack=\toks23
LaTeX Info: Redefining \[ on input line 2953.
LaTeX Info: Redefining \] on input line 2954.
)
(/usr/share/texlive/texmf-dist/tex/latex/amsfonts/amssymb.sty
Package: amssymb 2013/01/14 v3.01 AMS font symbols

(/usr/share/texlive/texmf-dist/tex/latex/amsfonts/amsfonts.sty
Package: amsfonts 2013/01/14 v3.01 Basic AMSFonts support
\symAMSa=\mathgroup4
\symAMSb=\mathgroup5
LaTeX Font Info:    Redeclaring math symbol \hbar on input line 98.
LaTeX Font Info:    Overwriting math alphabet `\mathfrak' in version `bold'
(Font)                  U/euf/m/n --> U/euf/b/n on input line 106.
))
(/usr/share/texlive/texmf-dist/tex/latex/hyperref/hyperref.sty
Package: hyperref 2024-01-20 v7.01h Hypertext links for LaTeX

(/usr/share/texlive/texmf-dist/tex/latex/kvsetkeys/kvsetkeys.sty
Package: kvsetkeys 2022-10-05 v1.19 Key value parser (HO)
)
(/usr/share/texlive/texmf-dist/tex/generic/kvdefinekeys/kvdefinekeys.sty
Package: kvdefinekeys 2019-12-19 v1.6 Define keys (HO)
)
(/usr/share/texlive/texmf-dist/tex/generic/pdfescape/pdfescape.sty
Package: pdfescape 2019/12/09 v1.15 Implements pdfTeX's escape features (HO)

(/usr/share/texlive/texmf-dist/tex/generic/ltxcmds/ltxcmds.sty
Package: ltxcmds 2023-12-04 v1.26 LaTeX kernel commands for general use (HO)
)
(/usr/share/texlive/texmf-dist/tex/generic/pdftexcmds/pdftexcmds.sty
Package: pdftexcmds 2020-06-27 v0.33 Utility functions of pdfTeX for LuaTeX (HO
)

(/usr/share/texlive/texmf-dist/tex/generic/infwarerr/infwarerr.sty
Package: infwarerr 2019/12/03 v1.5 Providing info/warning/error messages (HO)
)
Package pdftexcmds Info: \pdf@primitive is available.
Package pdftexcmds Info: \pdf@ifprimitive is available.
Package pdftexcmds Info: \pdfdraftmode found.
))
(/usr/share/texlive/texmf-dist/tex/latex/hycolor/hycolor.sty
Package: hycolor 2020-01-27 v1.10 Color options for hyperref/bookmark (HO)
)
(/usr/share/texlive/texmf-dist/tex/latex/auxhook/auxhook.sty
Package: auxhook 2019-12-17 v1.6 Hooks for auxiliary files (HO)
)
(/usr/share/texlive/texmf-dist/tex/latex/hyperref/nameref.sty
Package: nameref 2023-11-26 v2.56 Cross-referencing by name of section

(/usr/share/texlive/texmf-dist/tex/latex/refcount/refcount.sty
Package: refcount 2019/12/15 v3.6 Data extraction from label references (HO)
)
(/usr/share/texlive/texmf-dist/tex/generic/gettitlestring/gettitlestring.sty
Package: gettitlestring 2019/12/15 v1.6 Cleanup title references (HO)

(/usr/share/texlive/texmf-dist/tex/latex/kvoptions/kvoptions.sty
Package: kvoptions 2022-06-15 v3.15 Key value format for package options (HO)
))
\c@section@level=\count276
)
(/usr/share/texlive/texmf-dist/tex/latex/etoolbox/etoolbox.sty
Package: etoolbox 2020/10/05 v2.5k e-TeX tools for LaTeX (JAW)
\etb@tempcnta=\count277
)
\@linkdim=\dimen160
\Hy@linkcounter=\count278
\Hy@pagecounter=\count279

(/usr/share/texlive/texmf-dist/tex/latex/hyperref/pd1enc.def
File: pd1enc.def 2024-01-20 v7.01h Hyperref: PDFDocEncoding definition (HO)
Now handling font encoding PD1 ...
... no UTF-8 mapping file for font encoding PD1
)
(/usr/share/texlive/texmf-dist/tex/generic/intcalc/intcalc.sty
Package: intcalc 2019/12/15 v1.3 Expandable calculations with integers (HO)
)
\Hy@SavedSpaceFactor=\count280

(/usr/share/texlive/texmf-dist/tex/latex/hyperref/puenc.def
File: puenc.def 2024-01-20 v7.01h Hyperref: PDF Unicode definition (HO)
Now handling font encoding PU ...
... no UTF-8 mapping file for font encoding PU
)
Package hyperref Info: Hyper figures OFF on input line 4179.
Package hyperref Info: Link nesting OFF on input line 4184.
Package hyperref Info: Hyper index ON on input line 4187.
Package hyperref Info: Plain pages OFF on input line 4194.
Package hyperref Info: Backreferencing OFF on input line 4199.
Package hyperref Info: Implicit mode ON; LaTeX internals redefined.
Package hyperref Info: Bookmarks ON on input line 4446.
\c@Hy@tempcnt=\count281

(/usr/share/texlive/texmf-dist/tex/latex/url/url.sty
\Urlmuskip=\muskip17
Package: url 2013/09/16  ver 3.4  Verb mode for urls, etc.
)
LaTeX Info: Redefining \url on input line 4784.
\XeTeXLinkMargin=\dimen161

(/usr/share/texlive/texmf-dist/tex/generic/bitset/bitset.sty
Package: bitset 2019/12/09 v1.3 Handle bit-vector datatype (HO)

(/usr/share/texlive/texmf-dist/tex/generic/bigintcalc/bigintcalc.sty
Package: bigintcalc 2019/12/15 v1.5 Expandable calculations on big integers (HO
)
))
\Fld@menulength=\count282
\Field@Width=\dimen162
\Fld@charsize=\dimen163
Package hyperref Info: Hyper figures OFF on input line 6063.
Package hyperref Info: Link nesting OFF on input line 6068.
Package hyperref Info: Hyper index ON on input line 6071.
Package hyperref Info: backreferencing OFF on input line 6078.
Package hyperref Info: Link coloring OFF on input line 6083.
Package hyperref Info: Link coloring with OCG OFF on input line 6088.
Package hyperref Info: PDF/A mode OFF on input line 6093.

(/usr/share/texlive/texmf-dist/tex/latex/base/atbegshi-ltx.sty
Package: atbegshi-ltx 2021/01/10 v1.0c Emulation of the original atbegshi
package with kernel methods
)
\Hy@abspage=\count283
\c@Item=\count284
\c@Hfootnote=\count285
)
Package hyperref Info: Driver (autodetected): hpdftex.

(/usr/share/texlive/texmf-dist/tex/latex/hyperref/hpdftex.def
File: hpdftex.def 2024-01-20 v7.01h Hyperref driver for pdfTeX

(/usr/share/texlive/texmf-dist/tex/latex/base/atveryend-ltx.sty
Package: atveryend-ltx 2020/08/19 v1.0a Emulation of the original atveryend pac
kage
with kernel methods
)
\Fld@listcount=\count286
\c@bookmark@seq@number=\count287

(/usr/share/texlive/texmf-dist/tex/latex/rerunfilecheck/rerunfilecheck.sty
Package: rerunfilecheck 2022-07-10 v1.10 Rerun checks for auxiliary files (HO)

(/usr/share/texlive/texmf-dist/tex/generic/uniquecounter/uniquecounter.sty
Package: uniquecounter 2019/12/15 v1.4 Provide unlimited unique counter (HO)
)
Package uniquecounter Info: New unique counter `rerunfilecheck' on input line 2
85.
)
\Hy@SectionHShift=\skip53
)
(/usr/share/texlive/texmf-dist/tex/latex/listings/listings.sty
\lst@mode=\count288
\lst@gtempboxa=\box53
\lst@token=\toks24
\lst@length=\count289
\lst@currlwidth=\dimen164
\lst@column=\count290
\lst@pos=\count291
\lst@lostspace=\dimen165
\lst@width=\dimen166
\lst@newlines=\count292
\lst@lineno=\count293
\lst@maxwidth=\dimen167

(/usr/share/texlive/texmf-dist/tex/latex/listings/lstmisc.sty
File: lstmisc.sty 2023/02/27 1.9 (Carsten Heinz)
\c@lstnumber=\count294
\lst@skipnumbers=\count295
\lst@framebox=\box54
)
(/usr/share/texlive/texmf-dist/tex/latex/listings/listings.cfg
File: listings.cfg 2023/02/27 1.9 listings configuration
))
Package: listings 2023/02/27 1.9 (Carsten Heinz)

(/usr/share/texlive/texmf-dist/tex/latex/xcolor/xcolor.sty
Package: xcolor 2023/11/15 v3.01 LaTeX color extensions (UK)

(/usr/share/texlive/texmf-dist/tex/latex/graphics-cfg/color.cfg
File: color.cfg 2016/01/02 v1.6 sample color configuration
)
Package xcolor Info: Driver file: pdftex.def on input line 274.

(/usr/share/texlive/texmf-dist/tex/latex/graphics/mathcolor.ltx)
Package xcolor Info: Model `cmy' substituted by `cmy0' on input line 1350.
Package xcolor Info: Model `hsb' substituted by `rgb' on input line 1354.
Package xcolor Info: Model `RGB' extended on input line 1366.
Package xcolor Info: Model `HTML' substituted by `rgb' on input line 1368.
Package xcolor Info: Model `Hsb' substituted by `hsb' on input line 1369.
Package xcolor Info: Model `tHsb' substituted by `hsb' on input line 1370.
Package xcolor Info: Model `HSB' substituted by `hsb' on input line 1371.
Package xcolor Info: Model `Gray' substituted by `gray' on input line 1372.
Package xcolor Info: Model `wave' substituted by `hsb' on input line 1373.
)
(/usr/share/texlive/texmf-dist/tex/latex/float/float.sty
Package: float 2001/11/08 v1.3d Float enhancements (AL)
\c@float@type=\count296
\float@exts=\toks25
\float@box=\box55
\@float@everytoks=\toks26
\@floatcapt=\box56
)
(/usr/share/texlive/texmf-dist/tex/latex/caption/subcaption.sty
Package: subcaption 2023/07/28 v1.6b Sub-captions (AR)

(/usr/share/texlive/texmf-dist/tex/latex/caption/caption.sty
Package: caption 2023/08/05 v3.6o Customizing captions (AR)

(/usr/share/texlive/texmf-dist/tex/latex/caption/caption3.sty
Package: caption3 2023/07/31 v2.4d caption3 kernel (AR)
\caption@tempdima=\dimen168
\captionmargin=\dimen169
\caption@leftmargin=\dimen170
\caption@rightmargin=\dimen171
\caption@width=\dimen172
\caption@indent=\dimen173
\caption@parindent=\dimen174
\caption@hangindent=\dimen175
Package caption Info: Standard document class detected.
)
\c@caption@flags=\count297
\c@continuedfloat=\count298
Package caption Info: float package is loaded.
Package caption Info: hyperref package is loaded.
Package caption Info: listings package is loaded.
)
Package caption Info: New subtype `subfigure' on input line 238.
\c@subfigure=\count299
Package caption Info: New subtype `subtable' on input line 238.
\c@subtable=\count300
)
(/usr/share/texlive/texmf-dist/tex/latex/l3backend/l3backend-pdftex.def
File: l3backend-pdftex.def 2024-01-04 L3 backend support: PDF output (pdfTeX)
\l__color_backend_stack_int=\count301
\l__pdf_internal_box=\box57
)
(./report.aux)
\openout1 = `report.aux'.

LaTeX Font Info:    Checking defaults for OML/cmm/m/it on input line 14.
LaTeX Font Info:    ... okay on input line 14.
LaTeX Font Info:    Checking defaults for OMS/cmsy/m/n on input line 14.
LaTeX Font Info:    ... okay on input line 14.
LaTeX Font Info:    Checking defaults for OT1/cmr/m/n on input line 14.
LaTeX Font Info:    ... okay on input line 14.
LaTeX Font Info:    Checking defaults for T1/cmr/m/n on input line 14.
LaTeX Font Info:    ... okay on input line 14.
LaTeX Font Info:    Checking defaults for TS1/cmr/m/n on input line 14.
LaTeX Font Info:    ... okay on input line 14.
LaTeX Font Info:    Checking defaults for OMX/cmex/m/n on input line 14.
LaTeX Font Info:    ... okay on input line 14.
LaTeX Font Info:    Checking defaults for U/cmr/m/n on input line 14.
LaTeX Font Info:    ... okay on input line 14.
LaTeX Font Info:    Checking defaults for PD1/pdf/m/n on input line 14.
LaTeX Font Info:    ... okay on input line 14.
LaTeX Font Info:    Checking defaults for PU/pdf/m/n on input line 14.
LaTeX Font Info:    ... okay on input line 14.

*geometry* driver: auto-detecting
*geometry* detected driver: pdftex
*geometry* verbose mode - [ preamble ] result:
* driver: pdftex
* paper: a4paper
* layout: <same size as paper>
* layoutoffset:(h,v)=(0.0pt,0.0pt)
* modes: 
* h-part:(L,W,R)=(72.26999pt, 452.9679pt, 72.26999pt)
* v-part:(T,H,B)=(72.26999pt, 700.50687pt, 72.26999pt)
* \paperwidth=597.50787pt
* \paperheight=845.04684pt
* \textwidth=452.9679pt
* \textheight=700.50687pt
* \oddsidemargin=0.0pt
* \evensidemargin=0.0pt
* \topmargin=-37.0pt
* \headheight=12.0pt
* \headsep=25.0pt
* \topskip=11.0pt
* \footskip=30.0pt
* \marginparwidth=50.0pt
* \marginparsep=10.0pt
* \columnsep=10.0pt
* \skip\footins=10.0pt plus 4.0pt minus 2.0pt
* \hoffset=0.0pt
* \voffset=0.0pt
* \mag=1000
* \@twocolumnfalse
* \@twosidefalse
* \@mparswitchfalse
* \@reversemarginfalse
* (1in=72.27pt=25.4mm, 1cm=28.453pt)

(/usr/share/texlive/texmf-dist/tex/context/base/mkii/supp-pdf.mkii
[Loading MPS to PDF converter (version 2006.09.02).]
\scratchcounter=\count302
\scratchdimen=\dimen176
\scratchbox=\box58
\nofMPsegments=\count303
\nofMParguments=\count304
\everyMPshowfont=\toks27
\MPscratchCnt=\count305
\MPscratchDim=\dimen177
\MPnumerator=\count306
\makeMPintoPDFobject=\count307
\everyMPtoPDFconversion=\toks28
) (/usr/share/texlive/texmf-dist/tex/latex/epstopdf-pkg/epstopdf-base.sty
Package: epstopdf-base 2020-01-24 v2.11 Base part for package epstopdf
Package epstopdf-base Info: Redefining graphics rule for `.eps' on input line 4
85.

(/usr/share/texlive/texmf-dist/tex/latex/latexconfig/epstopdf-sys.cfg
File: epstopdf-sys.cfg 2010/07/13 v1.3 Configuration of (r)epstopdf for TeX Liv
e
))
Package hyperref Info: Link coloring OFF on input line 14.

(./report.out) (./report.out)
\@outlinefile=\write3
\openout3 = `report.out'.

\c@lstlisting=\count308
Package caption Info: Begin \AtBeginDocument code.
Package caption Info: End \AtBeginDocument code.
LaTeX Font Info:    Trying to load font information for U+msa on input line 19.


(/usr/share/texlive/texmf-dist/tex/latex/amsfonts/umsa.fd
File: umsa.fd 2013/01/14 v3.01 AMS symbols A
)
LaTeX Font Info:    Trying to load font information for U+msb on input line 19.


(/usr/share/texlive/texmf-dist/tex/latex/amsfonts/umsb.fd
File: umsb.fd 2013/01/14 v3.01 AMS symbols B
)

LaTeX Warning: No \author given.


Overfull \hbox (3.94887pt too wide) in paragraph at lines 28--29
[]\OT1/cmr/m/n/10.95 The pyra-mid con-tains the orig-i-nal im-age at level 0, f
ol-lowed by pro-gres-sively smaller smoothed
 []

<part1/results/gauss_f_level_0.png, id=168, 626.34pt x 449.68pt>
File: part1/results/gauss_f_level_0.png Graphic file (type png)
<use part1/results/gauss_f_level_0.png>
Package pdftex.def Info: part1/results/gauss_f_level_0.png  used on input line 
32.
(pdftex.def)             Requested size: 135.89174pt x 97.56445pt.
<part1/results/gauss_f_level_1.png, id=169, 313.17pt x 224.84pt>
File: part1/results/gauss_f_level_1.png Graphic file (type png)
<use part1/results/gauss_f_level_1.png>
Package pdftex.def Info: part1/results/gauss_f_level_1.png  used on input line 
33.
(pdftex.def)             Requested size: 67.94241pt x 48.7788pt.
<part1/results/gauss_f_level_2.png, id=170, 156.585pt x 112.42pt>
File: part1/results/gauss_f_level_2.png Graphic file (type png)
<use part1/results/gauss_f_level_2.png>
Package pdftex.def Info: part1/results/gauss_f_level_2.png  used on input line 
34.
(pdftex.def)             Requested size: 33.9712pt x 24.38939pt.
<part1/results/laplacian_f_level_0.png, id=171, 626.34pt x 449.68pt>
File: part1/results/laplacian_f_level_0.png Graphic file (type png)
<use part1/results/laplacian_f_level_0.png>
Package pdftex.def Info: part1/results/laplacian_f_level_0.png  used on input l
ine 50.
(pdftex.def)             Requested size: 135.89174pt x 97.56445pt.
<part1/results/laplacian_f_level_1.png, id=172, 313.17pt x 224.84pt>
File: part1/results/laplacian_f_level_1.png Graphic file (type png)
<use part1/results/laplacian_f_level_1.png>
Package pdftex.def Info: part1/results/laplacian_f_level_1.png  used on input l
ine 51.
(pdftex.def)             Requested size: 67.94241pt x 48.7788pt.
<part1/results/laplacian_f_level_2.png, id=173, 156.585pt x 112.42pt>
File: part1/results/laplacian_f_level_2.png Graphic file (type png)
<use part1/results/laplacian_f_level_2.png>
Package pdftex.def Info: part1/results/laplacian_f_level_2.png  used on input l
ine 52.
(pdftex.def)             Requested size: 33.9712pt x 24.38939pt.
[1

{/var/lib/texmf/fonts/map/pdftex/updmap/pdftex.map} <./part1/results/gauss_f_le
vel_0.png (PNG copy)> <./part1/results/gauss_f_level_1.png (PNG copy)> <./part1
/results/gauss_f_level_2.png (PNG copy)>]
<part1/results/mask.png, id=188, 626.34pt x 449.68pt>
File: part1/results/mask.png Graphic file (type png)
<use part1/results/mask.png>
Package pdftex.def Info: part1/results/mask.png  used on input line 64.
(pdftex.def)             Requested size: 181.18439pt x 130.08136pt.
<part1/results/hard_blend.png, id=189, 626.34pt x 449.68pt>
File: part1/results/hard_blend.png Graphic file (type png)
<use part1/results/hard_blend.png>
Package pdftex.def Info: part1/results/hard_blend.png  used on input line 65.
(pdftex.def)             Requested size: 181.18439pt x 130.08136pt.
<part1/results/final_smooth_blend.png, id=190, 626.34pt x 449.68pt>
File: part1/results/final_smooth_blend.png Graphic file (type png)
<use part1/results/final_smooth_blend.png>
Package pdftex.def Info: part1/results/final_smooth_blend.png  used on input li
ne 79.
(pdftex.def)             Requested size: 203.83417pt x 146.34325pt.
 [2 <./part1/results/laplacian_f_level_0.png (PNG copy)> <./part1/results/lapla
cian_f_level_1.png (PNG copy)> <./part1/results/laplacian_f_level_2.png (PNG co
py)> <./part1/results/mask.png (PNG copy)> <./part1/results/hard_blend.png (PNG
 copy)>] [3 <./part1/results/final_smooth_blend.png (PNG copy)>]
<part2/results/orig.png, id=203, 128.48pt x 128.48pt>
File: part2/results/orig.png Graphic file (type png)
<use part2/results/orig.png>
Package pdftex.def Info: part2/results/orig.png  used on input line 114.
(pdftex.def)             Requested size: 181.18439pt x 181.19797pt.
<part2/results/haar_shifted.png, id=204, 128.48pt x 128.48pt>
File: part2/results/haar_shifted.png Graphic file (type png)
<use part2/results/haar_shifted.png>
Package pdftex.def Info: part2/results/haar_shifted.png  used on input line 115
.
(pdftex.def)             Requested size: 181.18439pt x 181.19797pt.
 [4 <./part2/results/orig.png (PNG copy)> <./part2/results/haar_shifted.png (PN
G copy)>]
<part2/results/rec_top_1_16.png, id=217, 128.48pt x 128.48pt>
File: part2/results/rec_top_1_16.png Graphic file (type png)
<use part2/results/rec_top_1_16.png>
Package pdftex.def Info: part2/results/rec_top_1_16.png  used on input line 133
.
(pdftex.def)             Requested size: 158.54152pt x 158.55484pt.
<part2/results/down_up_1_16.png, id=218, 128.48pt x 128.48pt>
File: part2/results/down_up_1_16.png Graphic file (type png)
<use part2/results/down_up_1_16.png>
Package pdftex.def Info: part2/results/down_up_1_16.png  used on input line 134
.
(pdftex.def)             Requested size: 158.54152pt x 158.55484pt.
<part2/results/rec_top_1_256.png, id=219, 128.48pt x 128.48pt>
File: part2/results/rec_top_1_256.png Graphic file (type png)
<use part2/results/rec_top_1_256.png>
Package pdftex.def Info: part2/results/rec_top_1_256.png  used on input line 14
7.
(pdftex.def)             Requested size: 158.54152pt x 158.55484pt.
<part2/results/down_up_1_256.png, id=220, 128.48pt x 128.48pt>
File: part2/results/down_up_1_256.png Graphic file (type png)
<use part2/results/down_up_1_256.png>
Package pdftex.def Info: part2/results/down_up_1_256.png  used on input line 14
8.
(pdftex.def)             Requested size: 158.54152pt x 158.55484pt.
 [5{/usr/share/texmf/fonts/enc/dvips/cm-super/cm-super-ts1.enc} <./part2/result
s/rec_top_1_16.png (PNG copy)> <./part2/results/down_up_1_16.png (PNG copy)> <.
/part2/results/rec_top_1_256.png (PNG copy)> <./part2/results/down_up_1_256.png
 (PNG copy)>] [6]
<part3/results/Haar_Original_Coefficients.png, id=232, 414.8298pt x 425.9112pt>

File: part3/results/Haar_Original_Coefficients.png Graphic file (type png)
<use part3/results/Haar_Original_Coefficients.png>
Package pdftex.def Info: part3/results/Haar_Original_Coefficients.png  used on 
input line 171.
(pdftex.def)             Requested size: 181.18439pt x 186.02373pt.
<part3/results/Haar_Noisy_Coefficients.png, id=234, 414.8298pt x 425.9112pt>
File: part3/results/Haar_Noisy_Coefficients.png Graphic file (type png)
<use part3/results/Haar_Noisy_Coefficients.png>
Package pdftex.def Info: part3/results/Haar_Noisy_Coefficients.png  used on inp
ut line 172.
(pdftex.def)             Requested size: 181.18439pt x 186.02373pt.
<part3/results/Haar_Histogram_Detail_Coefficients.png, id=235, 1076.3412pt x 28
0.4076pt>
File: part3/results/Haar_Histogram_Detail_Coefficients.png Graphic file (type p
ng)
<use part3/results/Haar_Histogram_Detail_Coefficients.png>
Package pdftex.def Info: part3/results/Haar_Histogram_Detail_Coefficients.png  
used on input line 185.
(pdftex.def)             Requested size: 407.66833pt x 106.20514pt.
 [7 <./part3/results/Haar_Original_Coefficients.png> <./part3/results/Haar_Nois
y_Coefficients.png> <./part3/results/Haar_Histogram_Detail_Coefficients.png>]
<part3/results/Haar_PSNR_vs_Threshold.png, id=246, 607.5498pt x 393.6306pt>
File: part3/results/Haar_PSNR_vs_Threshold.png Graphic file (type png)
<use part3/results/Haar_PSNR_vs_Threshold.png>
Package pdftex.def Info: part3/results/Haar_PSNR_vs_Threshold.png  used on inpu
t line 200.
(pdftex.def)             Requested size: 317.07614pt x 205.43387pt.
<part3/results/Haar_Best_Hard_Denoised.png, id=247, 513.92pt x 513.92pt>
File: part3/results/Haar_Best_Hard_Denoised.png Graphic file (type png)
<use part3/results/Haar_Best_Hard_Denoised.png>
Package pdftex.def Info: part3/results/Haar_Best_Hard_Denoised.png  used on inp
ut line 213.
(pdftex.def)             Requested size: 181.18439pt x 181.18427pt.
<part3/results/Haar_Best_Soft_Denoised.png, id=248, 513.92pt x 513.92pt>
File: part3/results/Haar_Best_Soft_Denoised.png Graphic file (type png)
<use part3/results/Haar_Best_Soft_Denoised.png>
Package pdftex.def Info: part3/results/Haar_Best_Soft_Denoised.png  used on inp
ut line 214.
(pdftex.def)             Requested size: 181.18439pt x 181.18427pt.
<part3/results/DB2_Original_Coefficients.png, id=249, 414.8298pt x 425.9112pt>
File: part3/results/DB2_Original_Coefficients.png Graphic file (type png)
<use part3/results/DB2_Original_Coefficients.png>
Package pdftex.def Info: part3/results/DB2_Original_Coefficients.png  used on i
nput line 226.
(pdftex.def)             Requested size: 181.18439pt x 186.02373pt.
<part3/results/DB2_Noisy_Coefficients.png, id=250, 414.8298pt x 425.9112pt>
File: part3/results/DB2_Noisy_Coefficients.png Graphic file (type png)
<use part3/results/DB2_Noisy_Coefficients.png>
Package pdftex.def Info: part3/results/DB2_Noisy_Coefficients.png  used on inpu
t line 227.
(pdftex.def)             Requested size: 181.18439pt x 186.02373pt.
 [8 <./part3/results/Haar_PSNR_vs_Threshold.png> <./part3/results/Haar_Best_Har
d_Denoised.png (PNG copy)> <./part3/results/Haar_Best_Soft_Denoised.png (PNG co
py)>]
<part3/results/DB2_PSNR_vs_Threshold.png, id=258, 617.1858pt x 393.6306pt>
File: part3/results/DB2_PSNR_vs_Threshold.png Graphic file (type png)
<use part3/results/DB2_PSNR_vs_Threshold.png>
Package pdftex.def Info: part3/results/DB2_PSNR_vs_Threshold.png  used on input
 line 233.
(pdftex.def)             Requested size: 317.07614pt x 202.2325pt.
<part3/results/DB2_Best_Hard_Denoised.png, id=259, 513.92pt x 513.92pt>
File: part3/results/DB2_Best_Hard_Denoised.png Graphic file (type png)
<use part3/results/DB2_Best_Hard_Denoised.png>
Package pdftex.def Info: part3/results/DB2_Best_Hard_Denoised.png  used on inpu
t line 247.
(pdftex.def)             Requested size: 181.18439pt x 181.18427pt.
<part3/results/DB2_Best_Soft_Denoised.png, id=260, 513.92pt x 513.92pt>
File: part3/results/DB2_Best_Soft_Denoised.png Graphic file (type png)
<use part3/results/DB2_Best_Soft_Denoised.png>
Package pdftex.def Info: part3/results/DB2_Best_Soft_Denoised.png  used on inpu
t line 248.
(pdftex.def)             Requested size: 181.18439pt x 181.18427pt.
 [9 <./part3/results/DB2_Original_Coefficients.png> <./part3/results/DB2_Noisy_
Coefficients.png> <./part3/results/DB2_PSNR_vs_Threshold.png>] [10 <./part3/res
ults/DB2_Best_Hard_Denoised.png (PNG copy)> <./part3/results/DB2_Best_Soft_Deno
ised.png (PNG copy)>]
<part4/results/f1_recon_part_a.png, id=276, 963.6pt x 610.28pt>
File: part4/results/f1_recon_part_a.png Graphic file (type png)
<use part4/results/f1_recon_part_a.png>
Package pdftex.def Info: part4/results/f1_recon_part_a.png  used on input line 
273.
(pdftex.def)             Requested size: 203.83417pt x 129.09378pt.
<part4/results/f1_error_part_a.png, id=277, 963.6pt x 610.28pt>
File: part4/results/f1_error_part_a.png Graphic file (type png)
<use part4/results/f1_error_part_a.png>
Package pdftex.def Info: part4/results/f1_error_part_a.png  used on input line 
278.
(pdftex.def)             Requested size: 203.83417pt x 129.09378pt.
<part4/results/f2_recon_part_a.png, id=278, 513.92pt x 289.08pt>
File: part4/results/f2_recon_part_a.png Graphic file (type png)
<use part4/results/f2_recon_part_a.png>
Package pdftex.def Info: part4/results/f2_recon_part_a.png  used on input line 
284.
(pdftex.def)             Requested size: 203.83417pt x 114.6551pt.
<part4/results/f2_error_part_a.png, id=280, 513.92pt x 289.08pt>
File: part4/results/f2_error_part_a.png Graphic file (type png)
<use part4/results/f2_error_part_a.png>
Package pdftex.def Info: part4/results/f2_error_part_a.png  used on input line 
289.
(pdftex.def)             Requested size: 203.83417pt x 114.6551pt.

[11 <./part4/results/f1_recon_part_a.png (PNG copy)> <./part4/results/f1_error_
part_a.png (PNG copy)> <./part4/results/f2_error_part_a.png (PNG copy)> <./part
4/results/f2_recon_part_a.png (PNG copy)>] [12]
<part4/results/f1_comparison.png, id=303, 867.24pt x 578.16pt>
File: part4/results/f1_comparison.png Graphic file (type png)
<use part4/results/f1_comparison.png>
Package pdftex.def Info: part4/results/f1_comparison.png  used on input line 34
0.
(pdftex.def)             Requested size: 430.31812pt x 286.88261pt.
<part4/results/f2_comparison.png, id=304, 867.24pt x 578.16pt>
File: part4/results/f2_comparison.png Graphic file (type png)
<use part4/results/f2_comparison.png>
Package pdftex.def Info: part4/results/f2_comparison.png  used on input line 34
7.
(pdftex.def)             Requested size: 430.31812pt x 286.88261pt.
 [13 <./part4/results/f1_comparison.png>] [14 <./part4/results/f2_comparison.pn
g>] [15]
<part5/results/f1_original.png, id=320, 976.64874pt x 618.31pt>
File: part5/results/f1_original.png Graphic file (type png)
<use part5/results/f1_original.png>
Package pdftex.def Info: part5/results/f1_original.png  used on input line 409.

(pdftex.def)             Requested size: 203.83417pt x 129.03755pt.
<part5/results/f1_error.png, id=321, 976.64874pt x 618.31pt>
File: part5/results/f1_error.png Graphic file (type png)
<use part5/results/f1_error.png>
Package pdftex.def Info: part5/results/f1_error.png  used on input line 414.
(pdftex.def)             Requested size: 203.83417pt x 129.03755pt.
<part5/results/f1_hist.png, id=322, 617.1858pt x 393.6306pt>
File: part5/results/f1_hist.png Graphic file (type png)
<use part5/results/f1_hist.png>
Package pdftex.def Info: part5/results/f1_hist.png  used on input line 422.
(pdftex.def)             Requested size: 362.37569pt x 231.12286pt.
 [16 <./part5/results/f1_original.png (PNG copy)> <./part5/results/f1_error.png
 (PNG copy)>]
<part5/results/f2_original.png, id=332, 523.9575pt x 295.1025pt>
File: part5/results/f2_original.png Graphic file (type png)
<use part5/results/f2_original.png>
Package pdftex.def Info: part5/results/f2_original.png  used on input line 438.

(pdftex.def)             Requested size: 203.83417pt x 114.80132pt.
<part5/results/f2_error.png, id=333, 523.9575pt x 295.1025pt>
File: part5/results/f2_error.png Graphic file (type png)
<use part5/results/f2_error.png>
Package pdftex.def Info: part5/results/f2_error.png  used on input line 443.
(pdftex.def)             Requested size: 203.83417pt x 114.80132pt.
 [17 <./part5/results/f1_hist.png> <./part5/results/f2_original.png (PNG copy)>
 <./part5/results/f2_error.png (PNG copy)>]
<part5/results/f1_reconstructed.png, id=342, 976.64874pt x 618.31pt>
File: part5/results/f1_reconstructed.png Graphic file (type png)
<use part5/results/f1_reconstructed.png>
Package pdftex.def Info: part5/results/f1_reconstructed.png  used on input line
 467.
(pdftex.def)             Requested size: 203.83417pt x 129.03755pt.
<part5/results/f2_reconstructed.png, id=343, 523.9575pt x 295.1025pt>
File: part5/results/f2_reconstructed.png Graphic file (type png)
<use part5/results/f2_reconstructed.png>
Package pdftex.def Info: part5/results/f2_reconstructed.png  used on input line
 472.
(pdftex.def)             Requested size: 203.83417pt x 114.80132pt.
 [18 <./part5/results/f1_reconstructed.png (PNG copy)> <./part5/results/f2_reco
nstructed.png (PNG copy)>] [19] [20] [21]
(./report.aux)
 ***********
LaTeX2e <2023-11-01> patch level 1
L3 programming layer <2024-01-22>
 ***********


Package rerunfilecheck Warning: File `report.out' has changed.
(rerunfilecheck)                Rerun to get outlines right
(rerunfilecheck)                or use package `bookmark'.

Package rerunfilecheck Info: Checksums for `report.out':
(rerunfilecheck)             Before: A00EF188CFC314E4CEBD4E839F945181;9385
(rerunfilecheck)             After:  FD63F2971DE006C0A25A3FFD36D71C77;9103.
 ) 
Here is how much of TeX's memory you used:
 13780 strings out of 476106
 219708 string characters out of 5793933
 1935975 words of memory out of 5000000
 35532 multiletter control sequences out of 15000+600000
 568610 words of font info for 77 fonts, out of 8000000 for 9000
 59 hyphenation exceptions out of 8191
 75i,10n,79p,478b,578s stack positions out of 10000i,1000n,20000p,200000b,200000s

pdfTeX warning (dest): name{subsection.5.8} has been referenced but does not ex
ist, replaced by a fixed one


pdfTeX warning (dest): name{subsubsection.5.7.2} has been referenced but does n
ot exist, replaced by a fixed one


pdfTeX warning (dest): name{subsubsection.5.7.1} has been referenced but does n
ot exist, replaced by a fixed one


pdfTeX warning (dest): name{subsection.5.7} has been referenced but does not ex
ist, replaced by a fixed one


pdfTeX warning (dest): name{subsubsection.5.4.3} has been referenced but does n
ot exist, replaced by a fixed one


pdfTeX warning (dest): name{subsubsection.5.4.2} has been referenced but does n
ot exist, replaced by a fixed one


pdfTeX warning (dest): name{subsubsection.5.4.1} has been referenced but does n
ot exist, replaced by a fixed one

</usr/share/texlive/texmf-dist/fonts/type1/public/amsfonts/cm/cmbx10.pfb></usr/
share/texlive/texmf-dist/fonts/type1/public/amsfonts/cm/cmbx12.pfb></usr/share/
texlive/texmf-dist/fonts/type1/public/amsfonts/cm/cmex10.pfb></usr/share/texliv
e/texmf-dist/fonts/type1/public/amsfonts/cm/cmmi10.pfb></usr/share/texlive/texm
f-dist/fonts/type1/public/amsfonts/cm/cmmi8.pfb></usr/share/texlive/texmf-dist/
fonts/type1/public/amsfonts/cm/cmr10.pfb></usr/share/texlive/texmf-dist/fonts/t
ype1/public/amsfonts/cm/cmr12.pfb></usr/share/texlive/texmf-dist/fonts/type1/pu
blic/amsfonts/cm/cmr17.pfb></usr/share/texlive/texmf-dist/fonts/type1/public/am
sfonts/cm/cmr7.pfb></usr/share/texlive/texmf-dist/fonts/type1/public/amsfonts/c
m/cmr8.pfb></usr/share/texlive/texmf-dist/fonts/type1/public/amsfonts/cm/cmsy10
.pfb></usr/share/texlive/texmf-dist/fonts/type1/public/amsfonts/cm/cmsy8.pfb></
usr/share/texlive/texmf-dist/fonts/type1/public/amsfonts/cm/cmtt10.pfb></usr/sh
are/texlive/texmf-dist/fonts/type1/public/amsfonts/symbols/msbm10.pfb></usr/sha
re/texmf/fonts/type1/public/cm-super/sfrm1095.pfb>
Output written on report.pdf (21 pages, 7036783 bytes).
PDF statistics:
 470 PDF objects out of 1000 (max. 8388607)
 363 compressed objects within 4 object streams
 112 named destinations out of 1000 (max. 500000)
 530 words of extra memory for PDF output out of 10000 (max. 10000000)

